// Jest Snapshot v1, https://goo.gl/fbAQLP

exports[`Menu Bar Snapshot should match snapshot 1`] = `
<div>
  <header
    className="Header"
    id="chupe-header"
  >
    <span
      className="Tab"
      id="users-tab"
      onClick={[Function]}
    >
      Users
    </span>
    <span
      className="Tab"
      id="questions-tab"
    >
      Questions
    </span>
  </header>
</div>
`;
