// Jest Snapshot v1, https://goo.gl/fbAQLP

exports[`Menu Bar Snapshot should match snapshot 1`] = `
<div>
  <header
    className="Header"
    id="chupe-header"
  >
    <span
      className="manu-bar-tabs"
    >
      <a
        className="Selected-Tab"
        href="#/users"
        id="users-tab"
      >
        Users
      </a>
      <a
        className="Tab"
        href="#/questions"
        id="questions-tab"
      >
        Questions
      </a>
      <a
        className="Tab"
        href="#/team-funds"
        id="team-funds-tab"
      >
        Team Funds
      </a>
    </span>
    <span
      className="manu-bar-tabs"
    >
      <div
        className="menu-logout-container"
        id="menu-logout-container"
        onClick={[Function]}
      >
        logout
      </div>
    </span>
  </header>
</div>
`;
