// Jest Snapshot v1, https://goo.gl/fbAQLP

exports[`Menu Bar Snapshot should match snapshot 1`] = `
<div>
  <header
    className="Header"
    id="chupe-header"
  >
    <a
      className="Tab"
      href="#/users"
      id="users-tab"
    >
      Users
    </a>
    <a
      className="Tab"
      href="#/questions"
      id="questions-tab"
    >
      Questions
    </a>
  </header>
</div>
`;
